---
source: tests/reader_test.rs
expression: buffer
extension: jpg
snapshot_kind: binary
---
