---
source: tests/writer_test.rs
expression: read_data
extension: jpg
snapshot_kind: binary
---
